============================= test session starts =============================
platform win32 -- Python 3.12.10, pytest-9.0.1, pluggy-1.6.0
rootdir: C:\Users\Jake\Desktop\CNN_Projects\PlantDiseases_CNN_Classification
plugins: anyio-4.6.2.post1, hydra-core-1.3.2
collected 0 items / 1 error

=================================== ERRORS ====================================
_________________ ERROR collecting tests/unit/test_models.py __________________
ImportError while importing test module 'C:\Users\Jake\Desktop\CNN_Projects\PlantDiseases_CNN_Classification\tests\unit\test_models.py'.
Hint: make sure your test modules/packages have valid Python names.
Traceback:
C:\Python312\Lib\importlib\__init__.py:90: in import_module
    return _bootstrap._gcd_import(name[level:], package, level)
           ^^^^^^^^^^^^^^^^^^^^^^^^^^^^^^^^^^^^^^^^^^^^^^^^^^^^
tests\unit\test_models.py:6: in <module>
    import tensorflow as tf
E   ModuleNotFoundError: No module named 'tensorflow'
=========================== short test summary info ===========================
ERROR tests/unit/test_models.py
!!!!!!!!!!!!!!!!!!! Interrupted: 1 error during collection !!!!!!!!!!!!!!!!!!!!
============================== 1 error in 0.17s ===============================
